[dotenv@17.3.1] injecting env (7) from .env -- tip: 🔐 encrypt with Dotenvx: https://dotenvx.com
📋 Таблиця розкладу: 1jTTWx_74ua3iMK1nGih7trPeNVQnO59Kp4HQ5TPQgQ8
📄 Аркуш розкладу: Розклад
👤 Таблиця персональних даних: 1hbpFgrCAECIYSLkgYzXUe2OgV_3FxI3NWvEwUxyizQE
📄 Аркуш персональних даних: Березень
✅ GROUP_ID встановлено: -1003282996506
✅ CHAT_ID встановлено: -1003282996506
[dotenv@17.3.1] injecting env (0) from .env -- tip: ⚙️  override existing env vars with { override: true }
📋 Таблиця розкладу: 1jTTWx_74ua3iMK1nGih7trPeNVQnO59Kp4HQ5TPQgQ8
📄 Аркуш розкладу: Розклад
👤 Таблиця персональних даних: 1hbpFgrCAECIYSLkgYzXUe2OgV_3FxI3NWvEwUxyizQE
📄 Аркуш персональних даних: Березень
✅ GROUP_ID встановлено: -1003282996506
✅ CHAT_ID встановлено: -1003282996506
📬 APPEALS_GROUP_ID встановлено: -1003802751255 (група "Відгуки")
🔑 Перевіряю credentials: local file vilna-bot-35c05a7ca23f.json
⏳ Бот ініціалізується. Telegram webhook автоматично встановлюється після підключення до Google Sheets.
📋 Розклад: 1jTTWx_74ua3iMK1nGih7trPeNVQnO59Kp4HQ5TPQgQ8
👤 Персональні дані: 1hbpFgrCAECIYSLkgYzXUe2OgV_3FxI3NWvEwUxyizQE
🚀 Сервер запущено на порті 8080
📡 Режим: Polling (Надійний для Railway)
🤖 Бот прослуховує оновлення у режимі polling...

📋 КОНФІГУРАЦІЯ ГРУП:
   GROUP_ID: -1003282996506
   CHAT_ID: -1003282996506
   APPEALS_GROUP_ID: -1003802751255 (type: number)
🔐 Credentials валідні: local file vilna-bot-35c05a7ca23f.json
Google Sheets підключено ✅
   Використано лист Розклад

🔍 ДІАГНОСТИКА ЗАВАНТАЖЕННЯ Розкладу (перші 5 рядків):
   Рядок 0: ["Дата","Час","Назва","Кількість місць","Кількість зареєстрованих"]
   Рядок 1: ["05.03.2026","12:00","Група підтримки для дружин ветеранів «Після повернення»","10","0"]
   Рядок 2: ["05.03.2026","13:00","FitMix з елементами самооборони","2","8"]
   Рядок 3: ["05.03.2026","14:00","«Моя цінність не має меж»","7","3"]
   Рядок 4: ["05.03.2026","15:00","Вільне звучання у колі","6","9"]
   📅 Завантажено: Група підтримки для дружин ветеранів «Після повернення» | 05.03.2026 12:00 | 10 місць
   📅 Завантажено: FitMix з елементами самооборони | 05.03.2026 13:00 | 2 місць
   📅 Завантажено: «Моя цінність не має меж» | 05.03.2026 14:00 | 7 місць
   📅 Завантажено: Вільне звучання у колі | 05.03.2026 15:00 | 6 місць
   📅 Завантажено: Група підтримки для жінок «Втрата» | 06.03.2026 12:00 | 10 місць
   📅 Завантажено: «Нейрографіка мого внутрішнього світу» | 06.03.2026 13:00 | 8 місць
   📅 Завантажено: Спортивні заняття (закрита група) | 06.03.2026 15:00 | 0 місць
   📅 Завантажено: Карʼєрне навчання та можливості працевлаштування у сфері креативних індустрій (hand made, петриківський розпис) | 07.03.2026 12:00 | 14 місць
   📅 Завантажено: Звичка бути здоровою: швидка ефірна допомога | 07.03.2026 14:00 | 13 місць
   📅 Завантажено: Майстер-клас «Коли емоції зашкалюють» | 07.03.2026 15:30 | 0 місць
   📅 Завантажено: FitMix з елементами самооборони | 07.03.2026 17:00 | 0 місць
   📅 Завантажено: Англомовний клуб «Вільна англійська» (1 група) | 07.03.2026 18:00 | 1 місць
   📅 Завантажено: Захід-виїзд у благодійний фонд «RAZOM з тобою» | 08.03.2026 11:00 | 0 місць
   📅 Завантажено: Спортивні заняття (закрита група) | 08.03.2026 13:00 | 0 місць
✅ Розклад завантажено з Sheets (14 заходів)
   📊 Поточний час: 05.03.2026, 13:59:18
   📊 Майбутніх заходів: 12 з 14
⏰ Система нагадувань активована (перевірка щохвилини)
error: [polling_error] {"code":"ETELEGRAM","message":"ETELEGRAM: 409 Conflict: terminated by other getUpdates request; make sure that only one bot instance is running"}
error: [polling_error] {"code":"ETELEGRAM","message":"ETELEGRAM: 409 Conflict: terminated by other getUpdates request; make sure that only one bot instance is running"}
error: [polling_error] {"code":"ETELEGRAM","message":"ETELEGRAM: 409 Conflict: terminated by other getUpdates request; make sure that only one bot instance is running"}
error: [polling_error] {"code":"ETELEGRAM","message":"ETELEGRAM: 409 Conflict: terminated by other getUpdates request; make sure that only one bot instance is running"}
error: [polling_error] {"code":"ETELEGRAM","message":"ETELEGRAM: 409 Conflict: terminated by other getUpdates request; make sure that only one bot instance is running"}
error: [polling_error] {"code":"ETELEGRAM","message":"ETELEGRAM: 409 Conflict: terminated by other getUpdates request; make sure that only one bot instance is running"}
error: [polling_error] {"code":"ETELEGRAM","message":"ETELEGRAM: 409 Conflict: terminated by other getUpdates request; make sure that only one bot instance is running"}
error: [polling_error] {"code":"ETELEGRAM","message":"ETELEGRAM: 409 Conflict: terminated by other getUpdates request; make sure that only one bot instance is running"}
🧹 Видалено 3 минулих заходів
   Використано лист Розклад

🔍 ДІАГНОСТИКА ЗАВАНТАЖЕННЯ Розкладу (перші 5 рядків):
   Рядок 0: ["Дата","Час","Назва","Кількість місць","Кількість зареєстрованих"]
   Рядок 1: ["05.03.2026","12:00","Група підтримки для дружин ветеранів «Після повернення»","10","0"]
   Рядок 2: ["05.03.2026","13:00","FitMix з елементами самооборони","2","8"]
   Рядок 3: ["05.03.2026","14:00","«Моя цінність не має меж»","7","3"]
   Рядок 4: ["05.03.2026","15:00","Вільне звучання у колі","6","9"]
   📅 Завантажено: Група підтримки для дружин ветеранів «Після повернення» | 05.03.2026 12:00 | 10 місць
   📅 Завантажено: FitMix з елементами самооборони | 05.03.2026 13:00 | 2 місць
   📅 Завантажено: «Моя цінність не має меж» | 05.03.2026 14:00 | 7 місць
   📅 Завантажено: Вільне звучання у колі | 05.03.2026 15:00 | 6 місць
   📅 Завантажено: Група підтримки для жінок «Втрата» | 06.03.2026 12:00 | 10 місць
   📅 Завантажено: «Нейрографіка мого внутрішнього світу» | 06.03.2026 13:00 | 8 місць
   📅 Завантажено: Спортивні заняття (закрита група) | 06.03.2026 15:00 | 0 місць
   📅 Завантажено: Карʼєрне навчання та можливості працевлаштування у сфері креативних індустрій (hand made, петриківський розпис) | 07.03.2026 12:00 | 14 місць
   📅 Завантажено: Звичка бути здоровою: швидка ефірна допомога | 07.03.2026 14:00 | 13 місць
   📅 Завантажено: Майстер-клас «Коли емоції зашкалюють» | 07.03.2026 15:30 | 0 місць
   📅 Завантажено: FitMix з елементами самооборони | 07.03.2026 17:00 | 0 місць
   📅 Завантажено: Англомовний клуб «Вільна англійська» (1 група) | 07.03.2026 18:00 | 1 місць
   📅 Завантажено: Захід-виїзд у благодійний фонд «RAZOM з тобою» | 08.03.2026 11:00 | 0 місць
   📅 Завантажено: Спортивні заняття (закрита група) | 08.03.2026 13:00 | 0 місць
✅ Розклад завантажено з Sheets (14 заходів)
   📊 Поточний час: 05.03.2026, 14:00:19
   📊 Майбутніх заходів: 11 з 14
error: [polling_error] {"code":"ETELEGRAM","message":"ETELEGRAM: 409 Conflict: terminated by other getUpdates request; make sure that only one bot instance is running"}
error: [polling_error] {"code":"ETELEGRAM","message":"ETELEGRAM: 409 Conflict: terminated by other getUpdates request; make sure that only one bot instance is running"}
error: [polling_error] {"code":"ETELEGRAM","message":"ETELEGRAM: 409 Conflict: terminated by other getUpdates request; make sure that only one bot instance is running"}
error: [polling_error] {"code":"ETELEGRAM","message":"ETELEGRAM: 409 Conflict: terminated by other getUpdates request; make sure that only one bot instance is running"}
error: [polling_error] {"code":"ETELEGRAM","message":"ETELEGRAM: 409 Conflict: terminated by other getUpdates request; make sure that only one bot instance is running"}
error: [polling_error] {"code":"ETELEGRAM","message":"ETELEGRAM: 409 Conflict: terminated by other getUpdates request; make sure that only one bot instance is running"}
error: [polling_error] {"code":"ETELEGRAM","message":"ETELEGRAM: 409 Conflict: terminated by other getUpdates request; make sure that only one bot instance is running"}
error: [polling_error] {"code":"ETELEGRAM","message":"ETELEGRAM: 409 Conflict: terminated by other getUpdates request; make sure that only one bot instance is running"}
error: [polling_error] {"code":"ETELEGRAM","message":"ETELEGRAM: 409 Conflict: terminated by other getUpdates request; make sure that only one bot instance is running"}
🧹 Видалено 3 минулих заходів
   Використано лист Розклад

🔍 ДІАГНОСТИКА ЗАВАНТАЖЕННЯ Розкладу (перші 5 рядків):
   Рядок 0: ["Дата","Час","Назва","Кількість місць","Кількість зареєстрованих"]
   Рядок 1: ["05.03.2026","12:00","Група підтримки для дружин ветеранів «Після повернення»","10","0"]
   Рядок 2: ["05.03.2026","13:00","FitMix з елементами самооборони","2","8"]
   Рядок 3: ["05.03.2026","14:00","«Моя цінність не має меж»","7","3"]
   Рядок 4: ["05.03.2026","15:00","Вільне звучання у колі","6","9"]
   📅 Завантажено: Група підтримки для дружин ветеранів «Після повернення» | 05.03.2026 12:00 | 10 місць
   📅 Завантажено: FitMix з елементами самооборони | 05.03.2026 13:00 | 2 місць
   📅 Завантажено: «Моя цінність не має меж» | 05.03.2026 14:00 | 7 місць
   📅 Завантажено: Вільне звучання у колі | 05.03.2026 15:00 | 6 місць
   📅 Завантажено: Група підтримки для жінок «Втрата» | 06.03.2026 12:00 | 10 місць
   📅 Завантажено: «Нейрографіка мого внутрішнього світу» | 06.03.2026 13:00 | 8 місць
   📅 Завантажено: Спортивні заняття (закрита група) | 06.03.2026 15:00 | 0 місць
   📅 Завантажено: Карʼєрне навчання та можливості працевлаштування у сфері креативних індустрій (hand made, петриківський розпис) | 07.03.2026 12:00 | 14 місць
   📅 Завантажено: Звичка бути здоровою: швидка ефірна допомога | 07.03.2026 14:00 | 13 місць
   📅 Завантажено: Майстер-клас «Коли емоції зашкалюють» | 07.03.2026 15:30 | 0 місць
   📅 Завантажено: FitMix з елементами самооборони | 07.03.2026 17:00 | 0 місць
   📅 Завантажено: Англомовний клуб «Вільна англійська» (1 група) | 07.03.2026 18:00 | 1 місць
   📅 Завантажено: Захід-виїзд у благодійний фонд «RAZOM з тобою» | 08.03.2026 11:00 | 0 місць
   📅 Завантажено: Спортивні заняття (закрита група) | 08.03.2026 13:00 | 0 місць
✅ Розклад завантажено з Sheets (14 заходів)
   📊 Поточний час: 05.03.2026, 14:01:19
   📊 Майбутніх заходів: 11 з 14
error: [polling_error] {"code":"ETELEGRAM","message":"ETELEGRAM: 409 Conflict: terminated by other getUpdates request; make sure that only one bot instance is running"}
error: [polling_error] {"code":"ETELEGRAM","message":"ETELEGRAM: 409 Conflict: terminated by other getUpdates request; make sure that only one bot instance is running"}
error: [polling_error] {"code":"ETELEGRAM","message":"ETELEGRAM: 409 Conflict: terminated by other getUpdates request; make sure that only one bot instance is running"}
error: [polling_error] {"code":"ETELEGRAM","message":"ETELEGRAM: 409 Conflict: terminated by other getUpdates request; make sure that only one bot instance is running"}
error: [polling_error] {"code":"ETELEGRAM","message":"ETELEGRAM: 409 Conflict: terminated by other getUpdates request; make sure that only one bot instance is running"}
error: [polling_error] {"code":"ETELEGRAM","message":"ETELEGRAM: 409 Conflict: terminated by other getUpdates request; make sure that only one bot instance is running"}
error: [polling_error] {"code":"ETELEGRAM","message":"ETELEGRAM: 409 Conflict: terminated by other getUpdates request; make sure that only one bot instance is running"}
🧹 Видалено 3 минулих заходів
   Використано лист Розклад

🔍 ДІАГНОСТИКА ЗАВАНТАЖЕННЯ Розкладу (перші 5 рядків):
   Рядок 0: ["Дата","Час","Назва","Кількість місць","Кількість зареєстрованих"]
   Рядок 1: ["05.03.2026","12:00","Група підтримки для дружин ветеранів «Після повернення»","10","0"]
   Рядок 2: ["05.03.2026","13:00","FitMix з елементами самооборони","2","8"]
   Рядок 3: ["05.03.2026","14:00","«Моя цінність не має меж»","7","3"]
   Рядок 4: ["05.03.2026","15:00","Вільне звучання у колі","6","9"]
   📅 Завантажено: Група підтримки для дружин ветеранів «Після повернення» | 05.03.2026 12:00 | 10 місць
   📅 Завантажено: FitMix з елементами самооборони | 05.03.2026 13:00 | 2 місць
   📅 Завантажено: «Моя цінність не має меж» | 05.03.2026 14:00 | 7 місць
   📅 Завантажено: Вільне звучання у колі | 05.03.2026 15:00 | 6 місць
   📅 Завантажено: Група підтримки для жінок «Втрата» | 06.03.2026 12:00 | 10 місць
   📅 Завантажено: «Нейрографіка мого внутрішнього світу» | 06.03.2026 13:00 | 8 місць
   📅 Завантажено: Спортивні заняття (закрита група) | 06.03.2026 15:00 | 0 місць
   📅 Завантажено: Карʼєрне навчання та можливості працевлаштування у сфері креативних індустрій (hand made, петриківський розпис) | 07.03.2026 12:00 | 14 місць
   📅 Завантажено: Звичка бути здоровою: швидка ефірна допомога | 07.03.2026 14:00 | 13 місць
   📅 Завантажено: Майстер-клас «Коли емоції зашкалюють» | 07.03.2026 15:30 | 0 місць
   📅 Завантажено: FitMix з елементами самооборони | 07.03.2026 17:00 | 0 місць
   📅 Завантажено: Англомовний клуб «Вільна англійська» (1 група) | 07.03.2026 18:00 | 1 місць
   📅 Завантажено: Захід-виїзд у благодійний фонд «RAZOM з тобою» | 08.03.2026 11:00 | 0 місць
   📅 Завантажено: Спортивні заняття (закрита група) | 08.03.2026 13:00 | 0 місць
✅ Розклад завантажено з Sheets (14 заходів)
   📊 Поточний час: 05.03.2026, 14:02:19
   📊 Майбутніх заходів: 11 з 14
error: [polling_error] {"code":"ETELEGRAM","message":"ETELEGRAM: 409 Conflict: terminated by other getUpdates request; make sure that only one bot instance is running"}
error: [polling_error] {"code":"ETELEGRAM","message":"ETELEGRAM: 409 Conflict: terminated by other getUpdates request; make sure that only one bot instance is running"}
error: [polling_error] {"code":"ETELEGRAM","message":"ETELEGRAM: 409 Conflict: terminated by other getUpdates request; make sure that only one bot instance is running"}
error: [polling_error] {"code":"ETELEGRAM","message":"ETELEGRAM: 409 Conflict: terminated by other getUpdates request; make sure that only one bot instance is running"}
error: [polling_error] {"code":"ETELEGRAM","message":"ETELEGRAM: 409 Conflict: terminated by other getUpdates request; make sure that only one bot instance is running"}
error: [polling_error] {"code":"ETELEGRAM","message":"ETELEGRAM: 409 Conflict: terminated by other getUpdates request; make sure that only one bot instance is running"}
error: [polling_error] {"code":"ETELEGRAM","message":"ETELEGRAM: 409 Conflict: terminated by other getUpdates request; make sure that only one bot instance is running"}
error: [polling_error] {"code":"ETELEGRAM","message":"ETELEGRAM: 409 Conflict: terminated by other getUpdates request; make sure that only one bot instance is running"}
error: [polling_error] {"code":"ETELEGRAM","message":"ETELEGRAM: 409 Conflict: terminated by other getUpdates request; make sure that only one bot instance is running"}
🧹 Видалено 3 минулих заходів
   Використано лист Розклад

🔍 ДІАГНОСТИКА ЗАВАНТАЖЕННЯ Розкладу (перші 5 рядків):
   Рядок 0: ["Дата","Час","Назва","Кількість місць","Кількість зареєстрованих"]
   Рядок 1: ["05.03.2026","12:00","Група підтримки для дружин ветеранів «Після повернення»","10","0"]
   Рядок 2: ["05.03.2026","13:00","FitMix з елементами самооборони","2","8"]
   Рядок 3: ["05.03.2026","14:00","«Моя цінність не має меж»","7","3"]
   Рядок 4: ["05.03.2026","15:00","Вільне звучання у колі","6","9"]
   📅 Завантажено: Група підтримки для дружин ветеранів «Після повернення» | 05.03.2026 12:00 | 10 місць
   📅 Завантажено: FitMix з елементами самооборони | 05.03.2026 13:00 | 2 місць
   📅 Завантажено: «Моя цінність не має меж» | 05.03.2026 14:00 | 7 місць
   📅 Завантажено: Вільне звучання у колі | 05.03.2026 15:00 | 6 місць
   📅 Завантажено: Група підтримки для жінок «Втрата» | 06.03.2026 12:00 | 10 місць
   📅 Завантажено: «Нейрографіка мого внутрішнього світу» | 06.03.2026 13:00 | 8 місць
   📅 Завантажено: Спортивні заняття (закрита група) | 06.03.2026 15:00 | 0 місць
   📅 Завантажено: Карʼєрне навчання та можливості працевлаштування у сфері креативних індустрій (hand made, петриківський розпис) | 07.03.2026 12:00 | 14 місць
   📅 Завантажено: Звичка бути здоровою: швидка ефірна допомога | 07.03.2026 14:00 | 13 місць
   📅 Завантажено: Майстер-клас «Коли емоції зашкалюють» | 07.03.2026 15:30 | 0 місць
   📅 Завантажено: FitMix з елементами самооборони | 07.03.2026 17:00 | 0 місць
   📅 Завантажено: Англомовний клуб «Вільна англійська» (1 група) | 07.03.2026 18:00 | 1 місць
   📅 Завантажено: Захід-виїзд у благодійний фонд «RAZOM з тобою» | 08.03.2026 11:00 | 0 місць
   📅 Завантажено: Спортивні заняття (закрита група) | 08.03.2026 13:00 | 0 місць
✅ Розклад завантажено з Sheets (14 заходів)
   📊 Поточний час: 05.03.2026, 14:03:19
   📊 Майбутніх заходів: 11 з 14
error: [polling_error] {"code":"ETELEGRAM","message":"ETELEGRAM: 409 Conflict: terminated by other getUpdates request; make sure that only one bot instance is running"}
error: [polling_error] {"code":"ETELEGRAM","message":"ETELEGRAM: 409 Conflict: terminated by other getUpdates request; make sure that only one bot instance is running"}
error: [polling_error] {"code":"ETELEGRAM","message":"ETELEGRAM: 409 Conflict: terminated by other getUpdates request; make sure that only one bot instance is running"}
error: [polling_error] {"code":"ETELEGRAM","message":"ETELEGRAM: 409 Conflict: terminated by other getUpdates request; make sure that only one bot instance is running"}
error: [polling_error] {"code":"ETELEGRAM","message":"ETELEGRAM: 409 Conflict: terminated by other getUpdates request; make sure that only one bot instance is running"}
error: [polling_error] {"code":"ETELEGRAM","message":"ETELEGRAM: 409 Conflict: terminated by other getUpdates request; make sure that only one bot instance is running"}
error: [polling_error] {"code":"ETELEGRAM","message":"ETELEGRAM: 409 Conflict: terminated by other getUpdates request; make sure that only one bot instance is running"}
error: [polling_error] {"code":"ETELEGRAM","message":"ETELEGRAM: 409 Conflict: terminated by other getUpdates request; make sure that only one bot instance is running"}
🧹 Видалено 3 минулих заходів
error: [polling_error] {"code":"ETELEGRAM","message":"ETELEGRAM: 409 Conflict: terminated by other getUpdates request; make sure that only one bot instance is running"}
   Використано лист Розклад

🔍 ДІАГНОСТИКА ЗАВАНТАЖЕННЯ Розкладу (перші 5 рядків):
   Рядок 0: ["Дата","Час","Назва","Кількість місць","Кількість зареєстрованих"]
   Рядок 1: ["05.03.2026","12:00","Група підтримки для дружин ветеранів «Після повернення»","10","0"]
   Рядок 2: ["05.03.2026","13:00","FitMix з елементами самооборони","2","8"]
   Рядок 3: ["05.03.2026","14:00","«Моя цінність не має меж»","7","3"]
   Рядок 4: ["05.03.2026","15:00","Вільне звучання у колі","6","9"]
   📅 Завантажено: Група підтримки для дружин ветеранів «Після повернення» | 05.03.2026 12:00 | 10 місць
   📅 Завантажено: FitMix з елементами самооборони | 05.03.2026 13:00 | 2 місць
   📅 Завантажено: «Моя цінність не має меж» | 05.03.2026 14:00 | 7 місць
   📅 Завантажено: Вільне звучання у колі | 05.03.2026 15:00 | 6 місць
   📅 Завантажено: Група підтримки для жінок «Втрата» | 06.03.2026 12:00 | 10 місць
   📅 Завантажено: «Нейрографіка мого внутрішнього світу» | 06.03.2026 13:00 | 8 місць
   📅 Завантажено: Спортивні заняття (закрита група) | 06.03.2026 15:00 | 0 місць
   📅 Завантажено: Карʼєрне навчання та можливості працевлаштування у сфері креативних індустрій (hand made, петриківський розпис) | 07.03.2026 12:00 | 14 місць
   📅 Завантажено: Звичка бути здоровою: швидка ефірна допомога | 07.03.2026 14:00 | 13 місць
   📅 Завантажено: Майстер-клас «Коли емоції зашкалюють» | 07.03.2026 15:30 | 0 місць
   📅 Завантажено: FitMix з елементами самооборони | 07.03.2026 17:00 | 0 місць
   📅 Завантажено: Англомовний клуб «Вільна англійська» (1 група) | 07.03.2026 18:00 | 1 місць
   📅 Завантажено: Захід-виїзд у благодійний фонд «RAZOM з тобою» | 08.03.2026 11:00 | 0 місць
   📅 Завантажено: Спортивні заняття (закрита група) | 08.03.2026 13:00 | 0 місць
✅ Розклад завантажено з Sheets (14 заходів)
   📊 Поточний час: 05.03.2026, 14:04:19
   📊 Майбутніх заходів: 11 з 14
error: [polling_error] {"code":"ETELEGRAM","message":"ETELEGRAM: 409 Conflict: terminated by other getUpdates request; make sure that only one bot instance is running"}
error: [polling_error] {"code":"ETELEGRAM","message":"ETELEGRAM: 409 Conflict: terminated by other getUpdates request; make sure that only one bot instance is running"}
error: [polling_error] {"code":"ETELEGRAM","message":"ETELEGRAM: 409 Conflict: terminated by other getUpdates request; make sure that only one bot instance is running"}
error: [polling_error] {"code":"ETELEGRAM","message":"ETELEGRAM: 409 Conflict: terminated by other getUpdates request; make sure that only one bot instance is running"}
error: [polling_error] {"code":"ETELEGRAM","message":"ETELEGRAM: 409 Conflict: terminated by other getUpdates request; make sure that only one bot instance is running"}
error: [polling_error] {"code":"ETELEGRAM","message":"ETELEGRAM: 409 Conflict: terminated by other getUpdates request; make sure that only one bot instance is running"}
